[0.198s] DEBUG:colcon:Command line arguments: ['/usr/bin/colcon', 'list']
[0.198s] DEBUG:colcon:Parsed command line arguments: Namespace(log_base=None, log_level=None, verb_name='list', build_base='build', ignore_user_meta=False, metas=['./colcon.meta'], base_paths=['.'], packages_ignore=None, packages_ignore_regex=None, paths=None, packages_up_to=None, packages_up_to_regex=None, packages_above=None, packages_above_and_dependencies=None, packages_above_depth=None, packages_select_by_dep=None, packages_skip_by_dep=None, packages_skip_up_to=None, packages_select_build_failed=False, packages_skip_build_finished=False, packages_select_test_failures=False, packages_skip_test_passed=False, packages_select=None, packages_skip=None, packages_select_regex=None, packages_skip_regex=None, packages_start=None, packages_end=None, allow_overriding=[], topological_order=False, names_only=False, paths_only=False, topological_graph=False, topological_graph_dot=False, topological_graph_density=False, topological_graph_legend=False, topological_graph_dot_cluster=False, topological_graph_dot_include_skipped=False, mixin_files=None, mixin=None, verb_parser=<colcon_mixin.mixin.mixin_argument.MixinArgumentDecorator object at 0x79298893b5f0>, verb_extension=<colcon_package_information.verb.list.ListVerb object at 0x7929888e8ad0>, main=<bound method ListVerb.main of <colcon_package_information.verb.list.ListVerb object at 0x7929888e8ad0>>, mixin_verb=('list',))
[0.262s] Level 1:colcon.colcon_core.package_discovery:discover_packages(colcon_meta) check parameters
[0.262s] Level 1:colcon.colcon_core.package_discovery:discover_packages(recursive) check parameters
[0.262s] Level 1:colcon.colcon_core.package_discovery:discover_packages(ignore) check parameters
[0.262s] Level 1:colcon.colcon_core.package_discovery:discover_packages(path) check parameters
[0.262s] Level 1:colcon.colcon_core.package_discovery:discover_packages(colcon_meta) discover
[0.263s] Level 1:colcon.colcon_core.package_discovery:discover_packages(recursive) discover
[0.263s] INFO:colcon.colcon_core.package_discovery:Crawling recursively for packages in '/home/antondeulia/Projects/ROS2/NotMyPortfolio/ur5_pickplace'
[0.263s] Level 1:colcon.colcon_core.package_identification:_identify(.) by extensions ['ignore', 'ignore_ament_install']
[0.263s] Level 1:colcon.colcon_core.package_identification:_identify(.) by extension 'ignore'
[0.263s] Level 1:colcon.colcon_core.package_identification:_identify(.) by extension 'ignore_ament_install'
[0.263s] Level 1:colcon.colcon_core.package_identification:_identify(.) by extensions ['colcon_pkg']
[0.263s] Level 1:colcon.colcon_core.package_identification:_identify(.) by extension 'colcon_pkg'
[0.263s] Level 1:colcon.colcon_core.package_identification:_identify(.) by extensions ['colcon_meta']
[0.263s] Level 1:colcon.colcon_core.package_identification:_identify(.) by extension 'colcon_meta'
[0.263s] Level 1:colcon.colcon_core.package_identification:_identify(.) by extensions ['ros']
[0.263s] Level 1:colcon.colcon_core.package_identification:_identify(.) by extension 'ros'
[0.301s] Level 1:colcon.colcon_core.package_identification:_identify(.) by extensions ['cmake', 'python']
[0.302s] Level 1:colcon.colcon_core.package_identification:_identify(.) by extension 'cmake'
[0.302s] Level 1:colcon.colcon_core.package_identification:_identify(.) by extension 'python'
[0.302s] Level 1:colcon.colcon_core.package_identification:_identify(.) by extensions ['python_setup_py']
[0.302s] Level 1:colcon.colcon_core.package_identification:_identify(.) by extension 'python_setup_py'
[0.302s] Level 1:colcon.colcon_core.package_identification:_identify(log) by extensions ['ignore', 'ignore_ament_install']
[0.302s] Level 1:colcon.colcon_core.package_identification:_identify(log) by extension 'ignore'
[0.302s] Level 1:colcon.colcon_core.package_identification:_identify(log) ignored
[0.302s] Level 1:colcon.colcon_core.package_identification:_identify(ur5_pickplace_controller) by extensions ['ignore', 'ignore_ament_install']
[0.302s] Level 1:colcon.colcon_core.package_identification:_identify(ur5_pickplace_controller) by extension 'ignore'
[0.303s] Level 1:colcon.colcon_core.package_identification:_identify(ur5_pickplace_controller) by extension 'ignore_ament_install'
[0.303s] Level 1:colcon.colcon_core.package_identification:_identify(ur5_pickplace_controller) by extensions ['colcon_pkg']
[0.303s] Level 1:colcon.colcon_core.package_identification:_identify(ur5_pickplace_controller) by extension 'colcon_pkg'
[0.303s] Level 1:colcon.colcon_core.package_identification:_identify(ur5_pickplace_controller) by extensions ['colcon_meta']
[0.303s] Level 1:colcon.colcon_core.package_identification:_identify(ur5_pickplace_controller) by extension 'colcon_meta'
[0.303s] Level 1:colcon.colcon_core.package_identification:_identify(ur5_pickplace_controller) by extensions ['ros']
[0.303s] Level 1:colcon.colcon_core.package_identification:_identify(ur5_pickplace_controller) by extension 'ros'
[0.308s] DEBUG:colcon.colcon_core.package_identification:Package 'ur5_pickplace_controller' with type 'ros.ament_cmake' and name 'ur5_pickplace_controller'
[0.308s] Level 1:colcon.colcon_core.package_identification:_identify(ur5_pickplace_description) by extensions ['ignore', 'ignore_ament_install']
[0.308s] Level 1:colcon.colcon_core.package_identification:_identify(ur5_pickplace_description) by extension 'ignore'
[0.308s] Level 1:colcon.colcon_core.package_identification:_identify(ur5_pickplace_description) by extension 'ignore_ament_install'
[0.308s] Level 1:colcon.colcon_core.package_identification:_identify(ur5_pickplace_description) by extensions ['colcon_pkg']
[0.308s] Level 1:colcon.colcon_core.package_identification:_identify(ur5_pickplace_description) by extension 'colcon_pkg'
[0.308s] Level 1:colcon.colcon_core.package_identification:_identify(ur5_pickplace_description) by extensions ['colcon_meta']
[0.308s] Level 1:colcon.colcon_core.package_identification:_identify(ur5_pickplace_description) by extension 'colcon_meta'
[0.308s] Level 1:colcon.colcon_core.package_identification:_identify(ur5_pickplace_description) by extensions ['ros']
[0.308s] Level 1:colcon.colcon_core.package_identification:_identify(ur5_pickplace_description) by extension 'ros'
[0.309s] DEBUG:colcon.colcon_core.package_identification:Package 'ur5_pickplace_description' with type 'ros.ament_cmake' and name 'ur5_pickplace_description'
[0.309s] Level 1:colcon.colcon_core.package_identification:_identify(ur5_pickplace_moveit) by extensions ['ignore', 'ignore_ament_install']
[0.309s] Level 1:colcon.colcon_core.package_identification:_identify(ur5_pickplace_moveit) by extension 'ignore'
[0.309s] Level 1:colcon.colcon_core.package_identification:_identify(ur5_pickplace_moveit) by extension 'ignore_ament_install'
[0.309s] Level 1:colcon.colcon_core.package_identification:_identify(ur5_pickplace_moveit) by extensions ['colcon_pkg']
[0.309s] Level 1:colcon.colcon_core.package_identification:_identify(ur5_pickplace_moveit) by extension 'colcon_pkg'
[0.309s] Level 1:colcon.colcon_core.package_identification:_identify(ur5_pickplace_moveit) by extensions ['colcon_meta']
[0.309s] Level 1:colcon.colcon_core.package_identification:_identify(ur5_pickplace_moveit) by extension 'colcon_meta'
[0.309s] Level 1:colcon.colcon_core.package_identification:_identify(ur5_pickplace_moveit) by extensions ['ros']
[0.309s] Level 1:colcon.colcon_core.package_identification:_identify(ur5_pickplace_moveit) by extension 'ros'
[0.310s] DEBUG:colcon.colcon_core.package_identification:Package 'ur5_pickplace_moveit' with type 'ros.ament_cmake' and name 'ur5_pickplace_moveit'
[0.310s] Level 1:colcon.colcon_core.package_identification:_identify(ur5_pickplace_msgs) by extensions ['ignore', 'ignore_ament_install']
[0.310s] Level 1:colcon.colcon_core.package_identification:_identify(ur5_pickplace_msgs) by extension 'ignore'
[0.310s] Level 1:colcon.colcon_core.package_identification:_identify(ur5_pickplace_msgs) by extension 'ignore_ament_install'
[0.310s] Level 1:colcon.colcon_core.package_identification:_identify(ur5_pickplace_msgs) by extensions ['colcon_pkg']
[0.310s] Level 1:colcon.colcon_core.package_identification:_identify(ur5_pickplace_msgs) by extension 'colcon_pkg'
[0.310s] Level 1:colcon.colcon_core.package_identification:_identify(ur5_pickplace_msgs) by extensions ['colcon_meta']
[0.310s] Level 1:colcon.colcon_core.package_identification:_identify(ur5_pickplace_msgs) by extension 'colcon_meta'
[0.310s] Level 1:colcon.colcon_core.package_identification:_identify(ur5_pickplace_msgs) by extensions ['ros']
[0.310s] Level 1:colcon.colcon_core.package_identification:_identify(ur5_pickplace_msgs) by extension 'ros'
[0.311s] DEBUG:colcon.colcon_core.package_identification:Package 'ur5_pickplace_msgs' with type 'ros.ament_cmake' and name 'ur5_pickplace_msgs'
[0.311s] Level 1:colcon.colcon_core.package_identification:_identify(ur5_pickplace_py) by extensions ['ignore', 'ignore_ament_install']
[0.311s] Level 1:colcon.colcon_core.package_identification:_identify(ur5_pickplace_py) by extension 'ignore'
[0.311s] Level 1:colcon.colcon_core.package_identification:_identify(ur5_pickplace_py) by extension 'ignore_ament_install'
[0.311s] Level 1:colcon.colcon_core.package_identification:_identify(ur5_pickplace_py) by extensions ['colcon_pkg']
[0.311s] Level 1:colcon.colcon_core.package_identification:_identify(ur5_pickplace_py) by extension 'colcon_pkg'
[0.311s] Level 1:colcon.colcon_core.package_identification:_identify(ur5_pickplace_py) by extensions ['colcon_meta']
[0.311s] Level 1:colcon.colcon_core.package_identification:_identify(ur5_pickplace_py) by extension 'colcon_meta'
[0.311s] Level 1:colcon.colcon_core.package_identification:_identify(ur5_pickplace_py) by extensions ['ros']
[0.311s] Level 1:colcon.colcon_core.package_identification:_identify(ur5_pickplace_py) by extension 'ros'
[0.311s] DEBUG:colcon.colcon_core.package_identification:Package 'ur5_pickplace_py' with type 'ros.ament_python' and name 'ur5_pickplace_py'
[0.311s] Level 1:colcon.colcon_core.package_identification:_identify(ur5_pickplace_remote) by extensions ['ignore', 'ignore_ament_install']
[0.312s] Level 1:colcon.colcon_core.package_identification:_identify(ur5_pickplace_remote) by extension 'ignore'
[0.312s] Level 1:colcon.colcon_core.package_identification:_identify(ur5_pickplace_remote) by extension 'ignore_ament_install'
[0.312s] Level 1:colcon.colcon_core.package_identification:_identify(ur5_pickplace_remote) by extensions ['colcon_pkg']
[0.312s] Level 1:colcon.colcon_core.package_identification:_identify(ur5_pickplace_remote) by extension 'colcon_pkg'
[0.312s] Level 1:colcon.colcon_core.package_identification:_identify(ur5_pickplace_remote) by extensions ['colcon_meta']
[0.312s] Level 1:colcon.colcon_core.package_identification:_identify(ur5_pickplace_remote) by extension 'colcon_meta'
[0.312s] Level 1:colcon.colcon_core.package_identification:_identify(ur5_pickplace_remote) by extensions ['ros']
[0.312s] Level 1:colcon.colcon_core.package_identification:_identify(ur5_pickplace_remote) by extension 'ros'
[0.312s] DEBUG:colcon.colcon_core.package_identification:Package 'ur5_pickplace_remote' with type 'ros.ament_cmake' and name 'ur5_pickplace_remote'
[0.313s] Level 1:colcon.colcon_core.package_identification:_identify(ur5_pickplace_utils) by extensions ['ignore', 'ignore_ament_install']
[0.313s] Level 1:colcon.colcon_core.package_identification:_identify(ur5_pickplace_utils) by extension 'ignore'
[0.313s] Level 1:colcon.colcon_core.package_identification:_identify(ur5_pickplace_utils) by extension 'ignore_ament_install'
[0.313s] Level 1:colcon.colcon_core.package_identification:_identify(ur5_pickplace_utils) by extensions ['colcon_pkg']
[0.313s] Level 1:colcon.colcon_core.package_identification:_identify(ur5_pickplace_utils) by extension 'colcon_pkg'
[0.313s] Level 1:colcon.colcon_core.package_identification:_identify(ur5_pickplace_utils) by extensions ['colcon_meta']
[0.313s] Level 1:colcon.colcon_core.package_identification:_identify(ur5_pickplace_utils) by extension 'colcon_meta'
[0.313s] Level 1:colcon.colcon_core.package_identification:_identify(ur5_pickplace_utils) by extensions ['ros']
[0.313s] Level 1:colcon.colcon_core.package_identification:_identify(ur5_pickplace_utils) by extension 'ros'
[0.313s] DEBUG:colcon.colcon_core.package_identification:Package 'ur5_pickplace_utils' with type 'ros.ament_cmake' and name 'ur5_pickplace_utils'
[0.313s] Level 1:colcon.colcon_core.package_discovery:discover_packages(recursive) using defaults
[0.314s] Level 1:colcon.colcon_core.package_discovery:discover_packages(ignore) discover
[0.314s] Level 1:colcon.colcon_core.package_discovery:discover_packages(ignore) using defaults
[0.314s] Level 1:colcon.colcon_core.package_discovery:discover_packages(path) discover
[0.314s] Level 1:colcon.colcon_core.package_discovery:discover_packages(path) using defaults
